Compset longname is 20TR_SATM_ELM%CNPRDCTCBC_SICE_SOCN_MOSART_SGLC_SWAV
Compset specification file is /home/ywo/models/ELM_Peatlands_rb2024/components/elm/cime_config/config_compsets.xml
Automatically adding SIAC to compset
Automatically adding SESP to compset
Compset forcing is 
Com forcing is Historical 1850 to 2000 transient:
ATM component is Stub atm component
LND component is clm4.5 physics:clm4.5 cn:alm1.0 C-N-P, nutirent competition via relative demand, ctc soil cascade with black carbon deposition:
ICE component is Stub ice component
OCN component is Stub ocn component
ROF component is MOSART:
GLC component is Stub glacier (land ice) component
WAV component is Stub wave component
IAC component is Stub iac component
ESP component is Stub external system processing (ESP) component
Pes     specification file is /home/ywo/models/ELM_Peatlands_rb2024/components/elm/cime_config/config_pes.xml
Compset specific settings: name is RUN_STARTDATE and value is 1850-01-01
Machine is pathfinder
Pes setting: grid match    is l%1.9x2.5|l%0.9x1.25|l%360x720cru 
Pes setting: grid          is a%null_l%360x720cru_oi%null_r%r05_g%null_w%null_z%null_m%360x720cru 
Pes setting: compset       is 20TR_SATM_ELM%CNPRDCTCBC_SICE_SOCN_MOSART_SGLC_SWAV_SIAC_SESP 
Pes setting: tasks       is {'NTASKS_ATM': 64, 'NTASKS_LND': 64, 'NTASKS_ROF': 64, 'NTASKS_ICE': 64, 'NTASKS_OCN': 64, 'NTASKS_GLC': 64, 'NTASKS_WAV': 64, 'NTASKS_CPL': 64} 
Pes setting: threads     is {} 
Pes setting: rootpe      is {} 
Pes setting: pstrid      is {} 
Pes other settings: {}
Pes comments: none
setting additional fields from config_pes: {}
 Compset is: 20TR_SATM_ELM%CNPRDCTCBC_SICE_SOCN_MOSART_SGLC_SWAV_SIAC_SESP 
 Grid is: a%null_l%360x720cru_oi%null_r%r05_g%null_w%null_z%null_m%360x720cru 
 Components in compset are: ['satm', 'elm', 'sice', 'socn', 'mosart', 'sglc', 'swav', 'siac', 'sesp'] 
No project info available
No charge_account info available, using value from PROJECT
e3sm model version found: e21a9e0157
Batch_system_type is slurm
job is case.run USER_REQUESTED_WALLTIME 24:0:00 USER_REQUESTED_QUEUE None WALLTIME_FORMAT %H:%M:%S
job is case.post_run_io USER_REQUESTED_WALLTIME None USER_REQUESTED_QUEUE None WALLTIME_FORMAT %H:%M:%S
job is case.st_archive USER_REQUESTED_WALLTIME None USER_REQUESTED_QUEUE None WALLTIME_FORMAT %H:%M:%S
 Creating Case directory /scratch/hpcl-cli185/ywo/ELM_SPRUCE/e3sm_cases/20260723_US-SPR_ICB20TRCNPRDCTCBC_T9.00eCO2_default_full
copying /home/ywo/models/ELM_Peatlands_rb2024/cime_config/machines/syslog.noop -> /scratch/hpcl-cli185/ywo/ELM_SPRUCE/e3sm_cases/20260723_US-SPR_ICB20TRCNPRDCTCBC_T9.00eCO2_default_full/Tools/mach_syslog
copying /home/ywo/models/ELM_Peatlands_rb2024/cime_config/customize/e3sm_compile_wrap.py -> /scratch/hpcl-cli185/ywo/ELM_SPRUCE/e3sm_cases/20260723_US-SPR_ICB20TRCNPRDCTCBC_T9.00eCO2_default_full/Tools
copying /scratch/hpcl-cli185/ywo/ELM_SPRUCE/e3sm_cases/20260723_US-SPR_ICB20TRCNPRDCTCBC_T9.00eCO2_default_full/env_case.xml -> /scratch/hpcl-cli185/ywo/ELM_SPRUCE/e3sm_cases/20260723_US-SPR_ICB20TRCNPRDCTCBC_T9.00eCO2_default_full/LockedFiles
