Correlations for training data: AGNPP_Spruce_slope
0 0.935889496260581

Correlations for testing data: AGNPP_Spruce_slope
0 0.8739996709010427
Correlations for training data: AGNPP_Spruce_intercept
0 0.9536656496982173

Correlations for testing data: AGNPP_Spruce_intercept
0 0.8838889591145014
Correlations for training data: AGNPP_Tamarack_slope
0 0.9999122517225164

Correlations for testing data: AGNPP_Tamarack_slope
0 0.7658598653209392
Correlations for training data: AGNPP_Tamarack_intercept
0 0.9999440731570602

Correlations for testing data: AGNPP_Tamarack_intercept
0 0.9186013694426249
Correlations for training data: AGNPP_Shrub_slope
0 0.9053482507919627

Correlations for testing data: AGNPP_Shrub_slope
0 0.7665709925613581
Correlations for training data: AGNPP_Shrub_intercept
0 0.8859159820813756

Correlations for testing data: AGNPP_Shrub_intercept
0 0.8455756909147594
Correlations for training data: NPP_moss_slope
0 0.8716181269503606

Correlations for testing data: NPP_moss_slope
0 0.8270514403495369
Correlations for training data: NPP_moss_intercept
0 0.8992288981753612

Correlations for testing data: NPP_moss_intercept
0 0.8451758392787193
Correlations for training data: BGNPP_TreeShrub_slope
0 0.9389359817742038

Correlations for testing data: BGNPP_TreeShrub_slope
0 0.8740565745777714
Correlations for training data: BGNPP_TreeShrub_intercept
0 0.9999596239352988

Correlations for testing data: BGNPP_TreeShrub_intercept
0 0.8543126454301072
Correlations for training data: HR_slope
0 0.9631373511967334

Correlations for testing data: HR_slope
0 0.9183583594831825
Correlations for training data: HR_intercept
0 0.9654724780974518

Correlations for testing data: HR_intercept
0 0.9443512705701976
0 26 4.5
1 26 191000.0
2 26 0.05
3 26 0.0051
4 26 1e-06
5 26 1.2
6 26 0.3
7 26 -0.5
8 26 4.5
9 26 191000.0
10 26 0.05
11 26 0.01708
12 26 1e-06
13 26 1.2
14 26 0.3
15 26 -0.5
16 26 4.5
17 26 191000.0
18 26 0.05
19 26 0.01666
20 26 1e-06
21 26 1.2
22 26 0.3
23 26 0.3
24 26 1.4
25 26 0.0001
AGNPP_Spruce_slope
AGNPP_Spruce_intercept
AGNPP_Tamarack_slope
AGNPP_Tamarack_intercept
AGNPP_Shrub_slope
AGNPP_Shrub_intercept
NPP_moss_slope
NPP_moss_intercept
BGNPP_TreeShrub_slope
BGNPP_TreeShrub_intercept
HR_slope
HR_intercept
Ratio of accepted steps to total steps:
0.01433
