Correlations for training data: AGNPP_Spruce_slope
0 0.447144631788174
1 0.4561229974614146

Correlations for testing data: AGNPP_Spruce_slope
0 0.28349755097294715
1 0.2795968907225092
Correlations for training data: AGNPP_Spruce_intercept
0 0.8128516002566798
1 0.8138400801879897

Correlations for testing data: AGNPP_Spruce_intercept
0 0.7331478413133399
1 0.7239594012822235
Correlations for training data: AGNPP_Tamarack_slope
0 0.4791097471979329
1 0.486309634191325

Correlations for testing data: AGNPP_Tamarack_slope
0 0.3031813185930763
1 0.31556255734281713
Correlations for training data: AGNPP_Tamarack_intercept
0 0.7989711903126808
1 0.8047298222410268

Correlations for testing data: AGNPP_Tamarack_intercept
0 0.6497549632842998
1 0.6555393710033585
Correlations for training data: AGNPP_Shrub_slope
0 0.17815397957209073
1 0.217194116625153

Correlations for testing data: AGNPP_Shrub_slope
0 0.03446456766665251
1 0.08972186704717364
Correlations for training data: AGNPP_Shrub_intercept
0 0.777853439369574
1 0.7770069548703353

Correlations for testing data: AGNPP_Shrub_intercept
0 0.6256685041929142
1 0.6129112715970162
Correlations for training data: NPP_moss_slope
0 0.6613281472686455
1 0.6846680297608739

Correlations for testing data: NPP_moss_slope
0 0.5623787401647652
1 0.5807359663265508
Correlations for training data: NPP_moss_intercept
0 0.6220160081529478
1 0.6421720940648245

Correlations for testing data: NPP_moss_intercept
0 0.515121337936675
1 0.5298924587500743
Correlations for training data: BGNPP_TreeShrub_slope
0 0.4376761649619949
1 0.4298781112549263

Correlations for testing data: BGNPP_TreeShrub_slope
0 0.2135488519832632
1 0.20148606112604386
Correlations for training data: BGNPP_TreeShrub_intercept
0 0.7477820855922084
1 0.7500843476931854

Correlations for testing data: BGNPP_TreeShrub_intercept
0 0.5708543825800312
1 0.5733456774195387
Correlations for training data: HR_slope
0 0.5577902789544134
1 0.5655851740335557

Correlations for testing data: HR_slope
0 0.4619070485062152
1 0.4682780500906113
Correlations for training data: HR_intercept
0 0.6908462230434579
1 0.6897981974650893

Correlations for testing data: HR_intercept
0 0.5168437504253705
1 0.5126664331350027
0 18 0.4
1 18 -0.1
2 18 -0.1
3 18 -0.1
4 18 1.001
5 18 2.55004240634888e-10
6 18 1.52007484344376e-12
7 18 1.0791824812992701e-11
8 18 1.12650425480598e-11
9 18 0.002477694685707585
10 18 3.4832940370660103e-09
11 18 1.222934959755e-11
12 18 10.0
13 18 9.683846600000001e-12
14 18 9.64621718e-13
15 18 4.4409479900000006e-14
16 18 3.6460963000000003e-13
17 18 5.51567323e-14
AGNPP_Spruce_slope
AGNPP_Spruce_intercept
AGNPP_Tamarack_slope
AGNPP_Tamarack_intercept
AGNPP_Shrub_slope
AGNPP_Shrub_intercept
NPP_moss_slope
NPP_moss_intercept
BGNPP_TreeShrub_slope
BGNPP_TreeShrub_intercept
HR_slope
HR_intercept
Ratio of accepted steps to total steps:
0.15972
